Microchip MPLAB XC8 Compiler V2.32

Linker command line:

-W-3 --edf=D:\program files\Microchip\xc8\v2.32\pic\dat\en_msgs.txt -cn \
  -h+dist/default/production\TrabalhoPratico.production.sym \
  --cmf=dist/default/production\TrabalhoPratico.production.cmf -z -Q16F628A \
  -oC:\Users\junio\AppData\Local\Temp\xcAsbf0.4 --defsym=__MPLAB_BUILD=1 \
  -Mdist/default/production/TrabalhoPratico.production.map -E1 \
  -ver=XC8 Compiler --acfsm=1493 -ASTACK=0A0h-0EFh -pstack=STACK \
  -ACODE=00h-07FFh -ASTRCODE=00h-07FFh -ASTRING=00h-0FFhx8 \
  -ACONST=00h-0FFhx8 -AENTRY=00h-0FFhx8 -ACOMMON=070h-07Fh \
  -ABANK0=020h-06Fh -ABANK1=0A0h-0EFh -ABANK2=0120h-014Fh \
  -ARAM=020h-06Fh,0A0h-0EFh,0120h-014Fh \
  -AABS1=020h-07Fh,0A0h-0EFh,0120h-014Fh -ASFR0=00h-01Fh -ASFR1=080h-09Fh \
  -ASFR2=0100h-011Fh -ASFR3=0180h-01EFh -ACONFIG=02007h-02007h -DCONFIG=2 \
  -AIDLOC=02000h-02003h -DIDLOC=2 -AEEDATA=00h-07Fh/02100h \
  -peeprom_data=EEDATA -DEEDATA=2 -DCODE=2 -DSTRCODE=2 -DSTRING=2 -DCONST=2 \
  -DENTRY=2 -preset_vec=00h,intentry,init,end_init -ppowerup=CODE \
  -pcinit=CODE -pfunctab=ENTRY -k \
  C:\Users\junio\AppData\Local\Temp\xcAsbf0.o \
  dist/default/production\TrabalhoPratico.production.o 

Object code version is 3.11

Machine type is 16F628A



                Name                               Link     Load   Length Selector   Space Scale
C:\Users\junio\AppData\Local\Temp\xcAsbf0.o
                end_init                              0        0        1        0       0
                config                             2007     2007        1        0       4
dist/default/production\TrabalhoPratico.production.o
                cinit                               7FE      7FE        2      FFC       0
                config                             2007     2007        1        0       4
                text10                              5AB      5AB       11      B56       0
                text9                               652      652       29      CA4       0
                text8                               62B      62B       27      C56       0
                text7                               5E7      5E7       22      BCE       0
                text6                               609      609       22      C12       0
                text5                               5D1      5D1       16      BA2       0
                text4                               5A2      5A2        9      B44       0
                text3                               67B      67B       30      CF6       0
                text2                               5BC      5BC       15      B78       0
                text1                               71F      71F       DF      E3E       0
                maintext                            6AB      6AB       74      D56       0
                cstackBANK0                          20       20        9       20       1
                cstackCOMMON                         70       70        E       70       1
                strings                               1        1       87        2       0

TOTAL           Name                               Link     Load   Length     Space
        CLASS   STACK          

        CLASS   CODE           
                end_init                              0        0        1         0
                cinit                               7FE      7FE        2         0
                text10                              5AB      5AB       11         0
                text9                               652      652       29         0
                text8                               62B      62B       27         0
                text7                               5E7      5E7       22         0
                text6                               609      609       22         0
                text5                               5D1      5D1       16         0
                text4                               5A2      5A2        9         0
                text3                               67B      67B       30         0
                text2                               5BC      5BC       15         0
                text1                               71F      71F       DF         0
                maintext                            6AB      6AB       74         0

        CLASS   STRCODE        

        CLASS   STRING         
                strings                               1        1       87         0

        CLASS   CONST          

        CLASS   ENTRY          

        CLASS   COMMON         
                cstackCOMMON                         70       70        E         1

        CLASS   BANK0          
                cstackBANK0                          20       20        9         1

        CLASS   BANK1          

        CLASS   BANK2          

        CLASS   RAM            

        CLASS   ABS1           
                abs_s1                               7E       7E        2         1

        CLASS   SFR0           

        CLASS   SFR1           

        CLASS   SFR2           

        CLASS   SFR3           

        CLASS   CONFIG         
                config                             2007     2007        1         4

        CLASS   IDLOC          

        CLASS   EEDATA         

        CLASS   BANK3          



SEGMENTS        Name                           Load    Length   Top    Selector   Space  Class     Delta

                reset_vec                      000000  000001  000001         0       0  CODE        2
                strings                        000001  000087  000088         2       0  STRING      2
                cstackBANK0                    000020  000009  000029        20       1  BANK0       1
                cstackCOMMON                   000070  00000E  00007E        70       1  COMMON      1
                text4                          0005A2  000009  0005AB       B44       0  CODE        2
                text10                         0005AB  000011  0005BC       B56       0  CODE        2
                text2                          0005BC  000015  0005D1       B78       0  CODE        2
                text5                          0005D1  000016  0005E7       BA2       0  CODE        2
                text7                          0005E7  000022  000609       BCE       0  CODE        2
                text6                          000609  000022  00062B       C12       0  CODE        2
                text8                          00062B  000027  000652       C56       0  CODE        2
                text9                          000652  000029  00067B       CA4       0  CODE        2
                text3                          00067B  000030  0006AB       CF6       0  CODE        2
                maintext                       0006AB  000074  00071F       D56       0  CODE        2
                text1                          00071F  0000DF  0007FE       E3E       0  CODE        2
                cinit                          0007FE  000002  000800       FFC       0  CODE        2


UNUSED ADDRESS RANGES

        Name                Unused          Largest block    Delta
        BANK0            0029-006F             47           1
        BANK1            00A0-00EF             50           1
        BANK2            0120-014F             30           1
        CODE             0088-05A1            51A           2
        CONST            0088-05A1            100           2
        EEDATA           2100-217F             80           2
        ENTRY            0088-05A1            100           2
        IDLOC            2000-2003              4           2
        RAM              0029-006F             47           1
                         00A0-00EF             50
                         0120-014F             30
        SFR0             0000-001F             20           1
        SFR1             0080-009F             20           1
        SFR2             0100-011F             20           1
        SFR3             0180-01EF             70           1
        STACK            00A0-00EF             50           1
        STRCODE          0088-05A1            51A           2
        STRING           0088-05A1            100           2

                                  Symbol Table

_CMCON                               (abs)        001F
_EEADR                               (abs)        009B
_EECON1                              (abs)        009C
_EECON1bits                          (abs)        009C
_EECON2                              (abs)        009D
_EEDATA                              (abs)        009A
_INTCONbits                          (abs)        000B
_PCONbits                            (abs)        008E
_PORTA                               (abs)        0005
_PORTB                               (abs)        0006
_PORTBbits                           (abs)        0006
_RA0                                 (abs)        0028
_RB3                                 (abs)        0033
_RB4                                 (abs)        0034
_RB5                                 (abs)        0035
_RB6                                 (abs)        0036
_RB7                                 (abs)        0037
_STATUSbits                          (abs)        0003
_TRISA                               (abs)        0085
_TRISB                               (abs)        0086
__Habs1                              abs1         0000
__Hbank0                             bank0        0000
__Hbank1                             bank1        0000
__Hbank2                             bank2        0000
__Hbank3                             bank3        0000
__Hcinit                             cinit        0800
__Hclrtext                           clrtext      0000
__Hcode                              code         0000
__Hcommon                            common       0000
__Hconfig                            config       2008
__HcstackBANK0                       cstackBANK0  0000
__HcstackCOMMON                      cstackCOMMON 0000
__Heeprom_data                       eeprom_data  0000
__Hend_init                          end_init     0001
__Hfunctab                           functab      0000
__Hinit                              init         0000
__Hintentry                          intentry     0000
__Hmaintext                          maintext     0000
__Hpowerup                           powerup      0000
__Hram                               ram          0000
__Hreset_vec                         reset_vec    0000
__Hsfr0                              sfr0         0000
__Hsfr1                              sfr1         0000
__Hsfr2                              sfr2         0000
__Hsfr3                              sfr3         0000
__Hspace_0                           (abs)        0800
__Hspace_1                           (abs)        007E
__Hspace_2                           (abs)        0000
__Hspace_3                           (abs)        0000
__Hspace_4                           (abs)        400F
__Hstack                             stack        0000
__Hstrings                           strings      0000
__Htext                              text         0000
__Labs1                              abs1         0000
__Lbank0                             bank0        0000
__Lbank1                             bank1        0000
__Lbank2                             bank2        0000
__Lbank3                             bank3        0000
__Lcinit                             cinit        07FE
__Lclrtext                           clrtext      0000
__Lcode                              code         0000
__Lcommon                            common       0000
__Lconfig                            config       0000
__LcstackBANK0                       cstackBANK0  0000
__LcstackCOMMON                      cstackCOMMON 0000
__Leeprom_data                       eeprom_data  0000
__Lend_init                          end_init     0000
__Lfunctab                           functab      0000
__Linit                              init         0000
__Lintentry                          intentry     0000
__Lmaintext                          maintext     0000
__Lpowerup                           powerup      0000
__Lram                               ram          0000
__Lreset_vec                         reset_vec    0000
__Lsfr0                              sfr0         0000
__Lsfr1                              sfr1         0000
__Lsfr2                              sfr2         0000
__Lsfr3                              sfr3         0000
__Lspace_0                           (abs)        0000
__Lspace_1                           (abs)        0000
__Lspace_2                           (abs)        0000
__Lspace_3                           (abs)        0000
__Lspace_4                           (abs)        0000
__Lstack                             stack        0000
__Lstrings                           strings      0000
__Ltext                              text         0000
__S0                                 (abs)        0800
__S1                                 (abs)        007E
__S2                                 (abs)        0000
__S3                                 (abs)        0000
___bmul                              text2        05BC
___bmul@multiplicand                 cstackCOMMON 0070
___bmul@multiplier                   cstackCOMMON 0073
___bmul@product                      cstackCOMMON 0072
___int_sp                            stack        0000
___latbits                           (abs)        0000
___sp                                stack        0000
___stackhi                           (abs)        0000
___stacklo                           (abs)        0000
__end_of___bmul                      text2        05D1
__end_of__initialization             cinit        07FE
__end_of__stringtab                  strings      0007
__end_of_eeprom_read                 text10       05BC
__end_of_eeprom_write                text9        067B
__end_of_exibirMensagemAcessoNegado  text4        05AB
__end_of_lcd_cmd                     text7        0609
__end_of_lcd_dat                     text6        062B
__end_of_lcd_init                    text3        06AB
__end_of_lcd_str                     text5        05E7
__end_of_lcd_wr                      text8        0652
__end_of_linha                       strings      000B
__end_of_main                        maintext     071F
__end_of_tc_tecla                    text1        07FE
__initialization                     cinit        07FE
__pcstackBANK0                       cstackBANK0  0020
__pcstackCOMMON                      cstackCOMMON 0070
__pmaintext                          maintext     06AB
__pstrings                           strings      0001
__ptext1                             text1        071F
__ptext10                            text10       05AB
__ptext2                             text2        05BC
__ptext3                             text3        067B
__ptext4                             text4        05A2
__ptext5                             text5        05D1
__ptext6                             text6        0609
__ptext7                             text7        05E7
__ptext8                             text8        062B
__ptext9                             text9        0652
__size_of___bmul                     (abs)        0000
__size_of_eeprom_read                (abs)        0000
__size_of_eeprom_write               (abs)        0000
__size_of_exibirMensagemAcessoNegado (abs)        0000
__size_of_lcd_cmd                    (abs)        0000
__size_of_lcd_dat                    (abs)        0000
__size_of_lcd_init                   (abs)        0000
__size_of_lcd_str                    (abs)        0000
__size_of_lcd_wr                     (abs)        0000
__size_of_main                       (abs)        0000
__size_of_tc_tecla                   (abs)        0000
__stringbase                         strings      0006
__stringtab                          strings      0001
_eeprom_read                         text10       05AB
_eeprom_write                        text9        0652
_exibirMensagemAcessoNegado          text4        05A2
_lcd_cmd                             text7        05E7
_lcd_dat                             text6        0609
_lcd_init                            text3        067B
_lcd_str                             text5        05D1
_lcd_wr                              text8        062B
_linha                               strings      0007
_main                                maintext     06AB
_tc_tecla                            text1        071F
btemp                                (abs)        007E
eeprom_read@addr                     cstackCOMMON 0071
eeprom_write@addr                    cstackCOMMON 0072
eeprom_write@value                   cstackCOMMON 0070
end_of_initialization                cinit        07FE
intlevel0                            functab      0000
intlevel1                            functab      0000
intlevel2                            functab      0000
intlevel3                            functab      0000
intlevel4                            functab      0000
intlevel5                            functab      0000
lcd_cmd@val                          cstackCOMMON 0075
lcd_dat@val                          cstackCOMMON 0075
lcd_str@i                            cstackCOMMON 0077
lcd_str@str                          cstackCOMMON 0078
lcd_wr@i                             cstackCOMMON 0072
lcd_wr@val                           cstackCOMMON 0071
main@aux                             cstackBANK0  0026
main@countRecordedAccesses           cstackBANK0  0025
main@countSimbolosId                 cstackBANK0  0021
main@countSimbolosPin                cstackBANK0  0022
main@i                               cstackBANK0  0027
main@infoDigitada                    cstackBANK0  0020
main@initTimerDisplayMessageQ3       cstackBANK0  0023
main@j                               cstackBANK0  0028
main@tecla                           cstackBANK0  0024
reset_vec                            reset_vec    0000
start                                init         0000
start_initialization                 cinit        07FE
tc_tecla@i                           cstackCOMMON 007C
tc_tecla@ret                         cstackCOMMON 007B
tc_tecla@timeout                     cstackCOMMON 0074
tc_tecla@tmp                         cstackCOMMON 007A
tc_tecla@to                          cstackCOMMON 0078
wtemp0                               (abs)        007E


MODULE INFORMATION

Module		Function		Class		Link	Load	Size
func.c
		_exibirMensagemAcessoNegado		CODE           	05A2	0000	9

func.c estimated size: 9

D:\program files\Microchip\xc8\v2.32\pic\sources\c90\pic\__eewrite.c
		_eeprom_write  		CODE           	0652	0000	41

D:\program files\Microchip\xc8\v2.32\pic\sources\c90\pic\__eewrite.c estimated size: 41

teclado.c
		_tc_tecla      		CODE           	071F	0000	223

teclado.c estimated size: 223

D:\program files\Microchip\xc8\v2.32\pic\sources\c90\pic\__eeread.c
		_eeprom_read   		CODE           	05AB	0000	17

D:\program files\Microchip\xc8\v2.32\pic\sources\c90\pic\__eeread.c estimated size: 17

D:\program files\Microchip\xc8\v2.32\pic\sources\c90\common\Umul8.c
		___bmul        		CODE           	05BC	0000	21

D:\program files\Microchip\xc8\v2.32\pic\sources\c90\common\Umul8.c estimated size: 21

shared
		__stringtab    		STRING         	0001	0000	6
		__initialization		CODE           	07FE	0000	1
		_linha         		STRING         	0007	0000	4

shared estimated size: 11

lcd.c
		_lcd_cmd       		CODE           	05E7	0000	34
		_lcd_dat       		CODE           	0609	0000	34
		_lcd_wr        		CODE           	062B	0000	39
		_lcd_str       		CODE           	05D1	0000	22
		_lcd_init      		CODE           	067B	0000	48

lcd.c estimated size: 177

main.c
		_main          		CODE           	06AB	0000	116

main.c estimated size: 116

