Microchip MPLAB XC8 Compiler V2.32

Linker command line:

-W-3 --edf=D:\program files\Microchip\xc8\v2.32\pic\dat\en_msgs.txt -cn \
  -h+dist/default/production\TrabalhoPratico.production.sym \
  --cmf=dist/default/production\TrabalhoPratico.production.cmf -z -Q16F628A \
  -oC:\Users\junio\AppData\Local\Temp\xcAs2ko.4 --defsym=__MPLAB_BUILD=1 \
  -Mdist/default/production/TrabalhoPratico.production.map -E1 \
  -ver=XC8 Compiler --acfsm=1493 -ASTACK=0A0h-0EFh -pstack=STACK \
  -ACODE=00h-07FFh -ASTRCODE=00h-07FFh -ASTRING=00h-0FFhx8 \
  -ACONST=00h-0FFhx8 -AENTRY=00h-0FFhx8 -ACOMMON=070h-07Fh \
  -ABANK0=020h-06Fh -ABANK1=0A0h-0EFh -ABANK2=0120h-014Fh \
  -ARAM=020h-06Fh,0A0h-0EFh,0120h-014Fh \
  -AABS1=020h-07Fh,0A0h-0EFh,0120h-014Fh -ASFR0=00h-01Fh -ASFR1=080h-09Fh \
  -ASFR2=0100h-011Fh -ASFR3=0180h-01EFh -ACONFIG=02007h-02007h -DCONFIG=2 \
  -AIDLOC=02000h-02003h -DIDLOC=2 -AEEDATA=00h-07Fh/02100h \
  -peeprom_data=EEDATA -DEEDATA=2 -DCODE=2 -DSTRCODE=2 -DSTRING=2 -DCONST=2 \
  -DENTRY=2 -preset_vec=00h,intentry,init,end_init -ppowerup=CODE \
  -pcinit=CODE -pfunctab=ENTRY -k \
  C:\Users\junio\AppData\Local\Temp\xcAs2ko.o \
  dist/default/production\TrabalhoPratico.production.o 

Object code version is 3.11

Machine type is 16F628A



                Name                               Link     Load   Length Selector   Space Scale
C:\Users\junio\AppData\Local\Temp\xcAs2ko.o
                end_init                              0        0        1        0       0
                config                             2007     2007        1        0       4
dist/default/production\TrabalhoPratico.production.o
                cinit                               7FE      7FE        2      FFC       0
                config                             2007     2007        1        0       4
                text16                              53D      53D       27      A7A       0
                text15                              4F9      4F9       22      9F2       0
                text14                              51B      51B       22      A36       0
                text13                              4C5      4C5       16      98A       0
                text12                              468      468        5      8D0       0
                text11                              491      491        E      922       0
                text10                              46D      46D        9      8DA       0
                text9                               4DB      4DB       1E      9B6       0
                text8                               49F      49F       11      93E       0
                text7                               564      564       29      AC8       0
                text6                               476      476        9      8EC       0
                text5                               47F      47F        9      8FE       0
                text4                               488      488        9      910       0
                text3                               58D      58D       30      B1A       0
                text2                               4B0      4B0       15      960       0
                text1                               5BD      5BD       DF      B7A       0
                maintext                            69C      69C      162      D38       0
                cstackBANK0                          20       20       1C       20       1
                cstackCOMMON                         70       70        D       70       1
                strings                               1        1       87        2       0

TOTAL           Name                               Link     Load   Length     Space
        CLASS   STACK          

        CLASS   CODE           
                end_init                              0        0        1         0
                cinit                               7FE      7FE        2         0
                text16                              53D      53D       27         0
                text15                              4F9      4F9       22         0
                text14                              51B      51B       22         0
                text13                              4C5      4C5       16         0
                text12                              468      468        5         0
                text11                              491      491        E         0
                text10                              46D      46D        9         0
                text9                               4DB      4DB       1E         0
                text8                               49F      49F       11         0
                text7                               564      564       29         0
                text6                               476      476        9         0
                text5                               47F      47F        9         0
                text4                               488      488        9         0
                text3                               58D      58D       30         0
                text2                               4B0      4B0       15         0
                text1                               5BD      5BD       DF         0
                maintext                            69C      69C      162         0

        CLASS   STRCODE        

        CLASS   STRING         
                strings                               1        1       87         0

        CLASS   CONST          

        CLASS   ENTRY          

        CLASS   COMMON         
                cstackCOMMON                         70       70        D         1

        CLASS   BANK0          
                cstackBANK0                          20       20       1C         1

        CLASS   BANK1          

        CLASS   BANK2          

        CLASS   RAM            

        CLASS   ABS1           
                abs_s1                               7E       7E        2         1

        CLASS   SFR0           

        CLASS   SFR1           

        CLASS   SFR2           

        CLASS   SFR3           

        CLASS   CONFIG         
                config                             2007     2007        1         4

        CLASS   IDLOC          

        CLASS   EEDATA         

        CLASS   BANK3          



SEGMENTS        Name                           Load    Length   Top    Selector   Space  Class     Delta

                reset_vec                      000000  000001  000001         0       0  CODE        2
                strings                        000001  000087  000088         2       0  STRING      2
                cstackBANK0                    000020  00001C  00003C        20       1  BANK0       1
                cstackCOMMON                   000070  00000D  00007D        70       1  COMMON      1
                text12                         000468  000005  00046D       8D0       0  CODE        2
                text10                         00046D  000009  000476       8DA       0  CODE        2
                text6                          000476  000009  00047F       8EC       0  CODE        2
                text5                          00047F  000009  000488       8FE       0  CODE        2
                text4                          000488  000009  000491       910       0  CODE        2
                text11                         000491  00000E  00049F       922       0  CODE        2
                text8                          00049F  000011  0004B0       93E       0  CODE        2
                text2                          0004B0  000015  0004C5       960       0  CODE        2
                text13                         0004C5  000016  0004DB       98A       0  CODE        2
                text9                          0004DB  00001E  0004F9       9B6       0  CODE        2
                text15                         0004F9  000022  00051B       9F2       0  CODE        2
                text14                         00051B  000022  00053D       A36       0  CODE        2
                text16                         00053D  000027  000564       A7A       0  CODE        2
                text7                          000564  000029  00058D       AC8       0  CODE        2
                text3                          00058D  000030  0005BD       B1A       0  CODE        2
                text1                          0005BD  0000DF  00069C       B7A       0  CODE        2
                maintext                       00069C  000162  0007FE       D38       0  CODE        2
                cinit                          0007FE  000002  000800       FFC       0  CODE        2


UNUSED ADDRESS RANGES

        Name                Unused          Largest block    Delta
        BANK0            003C-006F             34           1
        BANK1            00A0-00EF             50           1
        BANK2            0120-014F             30           1
        CODE             0088-0467            3E0           2
        COMMON           007D-007D              1           1
        CONST            0088-0467            100           2
        EEDATA           2100-217F             80           2
        ENTRY            0088-0467            100           2
        IDLOC            2000-2003              4           2
        RAM              003C-006F             34           1
                         00A0-00EF             50
                         0120-014F             30
        SFR0             0000-001F             20           1
        SFR1             0080-009F             20           1
        SFR2             0100-011F             20           1
        SFR3             0180-01EF             70           1
        STACK            00A0-00EF             50           1
        STRCODE          0088-0467            3E0           2
        STRING           0088-0467            100           2

                                  Symbol Table

Questao1@modoOperacao                   cstackCOMMON 0079
Questao1@tecla                          cstackCOMMON 007A
Questao2@infoDigitada                   cstackCOMMON 007A
Questao2@modoOperacao                   cstackCOMMON 0079
Questao2@tecla                          cstackCOMMON 007C
_CMCON                                  (abs)        001F
_EEADR                                  (abs)        009B
_EECON1                                 (abs)        009C
_EECON1bits                             (abs)        009C
_EECON2                                 (abs)        009D
_EEDATA                                 (abs)        009A
_INTCONbits                             (abs)        000B
_PCONbits                               (abs)        008E
_PORTA                                  (abs)        0005
_PORTB                                  (abs)        0006
_Questao1                               text11       0491
_Questao2                               text9        04DB
_RA0                                    (abs)        0028
_RB3                                    (abs)        0033
_RB4                                    (abs)        0034
_RB5                                    (abs)        0035
_RB6                                    (abs)        0036
_RB7                                    (abs)        0037
_STATUSbits                             (abs)        0003
_TRISA                                  (abs)        0085
_TRISB                                  (abs)        0086
__Habs1                                 abs1         0000
__Hbank0                                bank0        0000
__Hbank1                                bank1        0000
__Hbank2                                bank2        0000
__Hbank3                                bank3        0000
__Hcinit                                cinit        0800
__Hclrtext                              clrtext      0000
__Hcode                                 code         0000
__Hcommon                               common       0000
__Hconfig                               config       2008
__HcstackBANK0                          cstackBANK0  0000
__HcstackCOMMON                         cstackCOMMON 0000
__Heeprom_data                          eeprom_data  0000
__Hend_init                             end_init     0001
__Hfunctab                              functab      0000
__Hinit                                 init         0000
__Hintentry                             intentry     0000
__Hmaintext                             maintext     0000
__Hpowerup                              powerup      0000
__Hram                                  ram          0000
__Hreset_vec                            reset_vec    0000
__Hsfr0                                 sfr0         0000
__Hsfr1                                 sfr1         0000
__Hsfr2                                 sfr2         0000
__Hsfr3                                 sfr3         0000
__Hspace_0                              (abs)        0800
__Hspace_1                              (abs)        007D
__Hspace_2                              (abs)        0000
__Hspace_3                              (abs)        0000
__Hspace_4                              (abs)        400F
__Hstack                                stack        0000
__Hstrings                              strings      0000
__Htext                                 text         0000
__Labs1                                 abs1         0000
__Lbank0                                bank0        0000
__Lbank1                                bank1        0000
__Lbank2                                bank2        0000
__Lbank3                                bank3        0000
__Lcinit                                cinit        07FE
__Lclrtext                              clrtext      0000
__Lcode                                 code         0000
__Lcommon                               common       0000
__Lconfig                               config       0000
__LcstackBANK0                          cstackBANK0  0000
__LcstackCOMMON                         cstackCOMMON 0000
__Leeprom_data                          eeprom_data  0000
__Lend_init                             end_init     0000
__Lfunctab                              functab      0000
__Linit                                 init         0000
__Lintentry                             intentry     0000
__Lmaintext                             maintext     0000
__Lpowerup                              powerup      0000
__Lram                                  ram          0000
__Lreset_vec                            reset_vec    0000
__Lsfr0                                 sfr0         0000
__Lsfr1                                 sfr1         0000
__Lsfr2                                 sfr2         0000
__Lsfr3                                 sfr3         0000
__Lspace_0                              (abs)        0000
__Lspace_1                              (abs)        0000
__Lspace_2                              (abs)        0000
__Lspace_3                              (abs)        0000
__Lspace_4                              (abs)        0000
__Lstack                                stack        0000
__Lstrings                              strings      0000
__Ltext                                 text         0000
__S0                                    (abs)        0800
__S1                                    (abs)        007D
__S2                                    (abs)        0000
__S3                                    (abs)        0000
___bmul                                 text2        04B0
___bmul@multiplicand                    cstackCOMMON 0070
___bmul@multiplier                      cstackCOMMON 0073
___bmul@product                         cstackCOMMON 0072
___int_sp                               stack        0000
___latbits                              (abs)        0000
___sp                                   stack        0000
___stackhi                              (abs)        0000
___stacklo                              (abs)        0000
__end_of_Questao1                       text11       049F
__end_of_Questao2                       text9        04F9
__end_of___bmul                         text2        04C5
__end_of__initialization                cinit        07FE
__end_of__stringtab                     strings      0007
__end_of_eeprom_read                    text8        04B0
__end_of_eeprom_write                   text7        058D
__end_of_exibirMensagemAcessoNegado     text6        047F
__end_of_exibirMensagemAcessoPermitido  text5        0488
__end_of_exibirMensagemDigitarId        text10       0476
__end_of_exibirMensagemDigitarPin       text4        0491
__end_of_exibirMensagemInicial          text12       046D
__end_of_lcd_cmd                        text15       051B
__end_of_lcd_dat                        text14       053D
__end_of_lcd_init                       text3        05BD
__end_of_lcd_str                        text13       04DB
__end_of_lcd_wr                         text16       0564
__end_of_linha                          strings      000B
__end_of_main                           maintext     07FE
__end_of_tc_tecla                       text1        069C
__initialization                        cinit        07FE
__pcstackBANK0                          cstackBANK0  0020
__pcstackCOMMON                         cstackCOMMON 0070
__pmaintext                             maintext     069C
__pstrings                              strings      0001
__ptext1                                text1        05BD
__ptext10                               text10       046D
__ptext11                               text11       0491
__ptext12                               text12       0468
__ptext13                               text13       04C5
__ptext14                               text14       051B
__ptext15                               text15       04F9
__ptext16                               text16       053D
__ptext2                                text2        04B0
__ptext3                                text3        058D
__ptext4                                text4        0488
__ptext5                                text5        047F
__ptext6                                text6        0476
__ptext7                                text7        0564
__ptext8                                text8        049F
__ptext9                                text9        04DB
__size_of_Questao1                      (abs)        0000
__size_of_Questao2                      (abs)        0000
__size_of___bmul                        (abs)        0000
__size_of_eeprom_read                   (abs)        0000
__size_of_eeprom_write                  (abs)        0000
__size_of_exibirMensagemAcessoNegado    (abs)        0000
__size_of_exibirMensagemAcessoPermitido (abs)        0000
__size_of_exibirMensagemDigitarId       (abs)        0000
__size_of_exibirMensagemDigitarPin      (abs)        0000
__size_of_exibirMensagemInicial         (abs)        0000
__size_of_lcd_cmd                       (abs)        0000
__size_of_lcd_dat                       (abs)        0000
__size_of_lcd_init                      (abs)        0000
__size_of_lcd_str                       (abs)        0000
__size_of_lcd_wr                        (abs)        0000
__size_of_main                          (abs)        0000
__size_of_tc_tecla                      (abs)        0000
__stringbase                            strings      0006
__stringtab                             strings      0001
_eeprom_read                            text8        049F
_eeprom_write                           text7        0564
_exibirMensagemAcessoNegado             text6        0476
_exibirMensagemAcessoPermitido          text5        047F
_exibirMensagemDigitarId                text10       046D
_exibirMensagemDigitarPin               text4        0488
_exibirMensagemInicial                  text12       0468
_lcd_cmd                                text15       04F9
_lcd_dat                                text14       051B
_lcd_init                               text3        058D
_lcd_str                                text13       04C5
_lcd_wr                                 text16       053D
_linha                                  strings      0007
_main                                   maintext     069C
_tc_tecla                               text1        05BD
btemp                                   (abs)        007E
eeprom_read@addr                        cstackCOMMON 0071
eeprom_write@addr                       cstackCOMMON 0072
eeprom_write@value                      cstackCOMMON 0070
end_of_initialization                   cinit        07FE
intlevel0                               functab      0000
intlevel1                               functab      0000
intlevel2                               functab      0000
intlevel3                               functab      0000
intlevel4                               functab      0000
intlevel5                               functab      0000
lcd_cmd@val                             cstackCOMMON 0075
lcd_dat@val                             cstackCOMMON 0075
lcd_str@i                               cstackCOMMON 0077
lcd_str@str                             cstackCOMMON 0078
lcd_wr@i                                cstackCOMMON 0072
lcd_wr@val                              cstackCOMMON 0071
main@aux                                cstackBANK0  003B
main@countRecordedAccesses              cstackBANK0  0030
main@countSimbolosId                    cstackBANK0  0037
main@countSimbolosPin                   cstackBANK0  0031
main@i                                  cstackBANK0  0033
main@i_149                              cstackBANK0  0032
main@infoDigitada                       cstackBANK0  0038
main@j                                  cstackBANK0  0034
main@j_150                              cstackBANK0  0035
main@k                                  cstackBANK0  003A
main@modoOperacao                       cstackBANK0  0036
main@simbolosId                         cstackBANK0  0022
main@simbolosPin                        cstackBANK0  0029
main@tecla                              cstackBANK0  0039
reset_vec                               reset_vec    0000
start                                   init         0000
start_initialization                    cinit        07FE
tc_tecla@i                              cstackCOMMON 007C
tc_tecla@ret                            cstackCOMMON 007B
tc_tecla@timeout                        cstackCOMMON 0074
tc_tecla@tmp                            cstackCOMMON 007A
tc_tecla@to                             cstackCOMMON 0078
wtemp0                                  (abs)        007E


MODULE INFORMATION

Module		Function		Class		Link	Load	Size
func.c
		_exibirMensagemDigitarPin		CODE           	0488	0000	9
		_exibirMensagemAcessoPermitido		CODE           	047F	0000	9
		_exibirMensagemDigitarId		CODE           	046D	0000	9
		_Questao1      		CODE           	0491	0000	14
		_Questao2      		CODE           	04DB	0000	30
		_exibirMensagemInicial		CODE           	0468	0000	5
		_exibirMensagemAcessoNegado		CODE           	0476	0000	9

func.c estimated size: 85

D:\program files\Microchip\xc8\v2.32\pic\sources\c90\pic\__eewrite.c
		_eeprom_write  		CODE           	0564	0000	41

D:\program files\Microchip\xc8\v2.32\pic\sources\c90\pic\__eewrite.c estimated size: 41

teclado.c
		_tc_tecla      		CODE           	05BD	0000	223

teclado.c estimated size: 223

D:\program files\Microchip\xc8\v2.32\pic\sources\c90\pic\__eeread.c
		_eeprom_read   		CODE           	049F	0000	17

D:\program files\Microchip\xc8\v2.32\pic\sources\c90\pic\__eeread.c estimated size: 17

D:\program files\Microchip\xc8\v2.32\pic\sources\c90\common\Umul8.c
		___bmul        		CODE           	04B0	0000	21

D:\program files\Microchip\xc8\v2.32\pic\sources\c90\common\Umul8.c estimated size: 21

shared
		__stringtab    		STRING         	0001	0000	6
		__initialization		CODE           	07FE	0000	1
		_linha         		STRING         	0007	0000	4

shared estimated size: 11

lcd.c
		_lcd_cmd       		CODE           	04F9	0000	34
		_lcd_dat       		CODE           	051B	0000	34
		_lcd_wr        		CODE           	053D	0000	39
		_lcd_str       		CODE           	04C5	0000	22
		_lcd_init      		CODE           	058D	0000	48

lcd.c estimated size: 177

main.c
		_main          		CODE           	069C	0000	354

main.c estimated size: 354

